<?xml version="1.0"?>
<link_info>
   <banner>MSP430 Linker PC v4.4.3</banner>
   <copyright>Copyright (c) 2003-2015 Texas Instruments Incorporated</copyright>
   <link_time>0x55d4248a</link_time>
   <link_errors>0x0</link_errors>
   <output_file>PUF.out</output_file>
   <entry_point>
      <name>_c_int00_noargs_noexit</name>
      <address>0x3268</address>
   </entry_point>
   <input_file_list>
      <input_file id="fl-2">
         <path>.\</path>
         <kind>object</kind>
         <file>Flash.obj</file>
         <name>Flash.obj</name>
      </input_file>
      <input_file id="fl-3">
         <path>.\</path>
         <kind>object</kind>
         <file>delay.obj</file>
         <name>delay.obj</name>
      </input_file>
      <input_file id="fl-4">
         <path>.\</path>
         <kind>object</kind>
         <file>hello.obj</file>
         <name>hello.obj</name>
      </input_file>
      <input_file id="fl-5">
         <path>.\</path>
         <kind>object</kind>
         <file>led.obj</file>
         <name>led.obj</name>
      </input_file>
      <input_file id="fl-6">
         <path>.\</path>
         <kind>object</kind>
         <file>print_result.obj</file>
         <name>print_result.obj</name>
      </input_file>
      <input_file id="fl-7">
         <path>.\</path>
         <kind>object</kind>
         <file>uart.obj</file>
         <name>uart.obj</name>
      </input_file>
      <input_file id="fl-36">
         <path>D:\Program Files\ccsv6\tools\compiler\ti-cgt-msp430_4.4.3\lib\</path>
         <kind>archive</kind>
         <file>rts430x_lc_rd_eabi.lib</file>
         <name>boot.obj</name>
      </input_file>
      <input_file id="fl-37">
         <path>D:\Program Files\ccsv6\tools\compiler\ti-cgt-msp430_4.4.3\lib\</path>
         <kind>archive</kind>
         <file>rts430x_lc_rd_eabi.lib</file>
         <name>boot_special.obj</name>
      </input_file>
      <input_file id="fl-38">
         <path>D:\Program Files\ccsv6\tools\compiler\ti-cgt-msp430_4.4.3\lib\</path>
         <kind>archive</kind>
         <file>rts430x_lc_rd_eabi.lib</file>
         <name>copy_decompress_none.obj</name>
      </input_file>
      <input_file id="fl-39">
         <path>D:\Program Files\ccsv6\tools\compiler\ti-cgt-msp430_4.4.3\lib\</path>
         <kind>archive</kind>
         <file>rts430x_lc_rd_eabi.lib</file>
         <name>copy_decompress_rle.obj</name>
      </input_file>
      <input_file id="fl-3a">
         <path>D:\Program Files\ccsv6\tools\compiler\ti-cgt-msp430_4.4.3\lib\</path>
         <kind>archive</kind>
         <file>rts430x_lc_rd_eabi.lib</file>
         <name>copy_zero_init.obj</name>
      </input_file>
      <input_file id="fl-3b">
         <path>D:\Program Files\ccsv6\tools\compiler\ti-cgt-msp430_4.4.3\lib\</path>
         <kind>archive</kind>
         <file>rts430x_lc_rd_eabi.lib</file>
         <name>exit.obj</name>
      </input_file>
      <input_file id="fl-3c">
         <path>D:\Program Files\ccsv6\tools\compiler\ti-cgt-msp430_4.4.3\lib\</path>
         <kind>archive</kind>
         <file>rts430x_lc_rd_eabi.lib</file>
         <name>int00.obj</name>
      </input_file>
      <input_file id="fl-3d">
         <path>D:\Program Files\ccsv6\tools\compiler\ti-cgt-msp430_4.4.3\lib\</path>
         <kind>archive</kind>
         <file>rts430x_lc_rd_eabi.lib</file>
         <name>int01.obj</name>
      </input_file>
      <input_file id="fl-3e">
         <path>D:\Program Files\ccsv6\tools\compiler\ti-cgt-msp430_4.4.3\lib\</path>
         <kind>archive</kind>
         <file>rts430x_lc_rd_eabi.lib</file>
         <name>int02.obj</name>
      </input_file>
      <input_file id="fl-3f">
         <path>D:\Program Files\ccsv6\tools\compiler\ti-cgt-msp430_4.4.3\lib\</path>
         <kind>archive</kind>
         <file>rts430x_lc_rd_eabi.lib</file>
         <name>int03.obj</name>
      </input_file>
      <input_file id="fl-40">
         <path>D:\Program Files\ccsv6\tools\compiler\ti-cgt-msp430_4.4.3\lib\</path>
         <kind>archive</kind>
         <file>rts430x_lc_rd_eabi.lib</file>
         <name>int04.obj</name>
      </input_file>
      <input_file id="fl-41">
         <path>D:\Program Files\ccsv6\tools\compiler\ti-cgt-msp430_4.4.3\lib\</path>
         <kind>archive</kind>
         <file>rts430x_lc_rd_eabi.lib</file>
         <name>int05.obj</name>
      </input_file>
      <input_file id="fl-42">
         <path>D:\Program Files\ccsv6\tools\compiler\ti-cgt-msp430_4.4.3\lib\</path>
         <kind>archive</kind>
         <file>rts430x_lc_rd_eabi.lib</file>
         <name>int06.obj</name>
      </input_file>
      <input_file id="fl-43">
         <path>D:\Program Files\ccsv6\tools\compiler\ti-cgt-msp430_4.4.3\lib\</path>
         <kind>archive</kind>
         <file>rts430x_lc_rd_eabi.lib</file>
         <name>int07.obj</name>
      </input_file>
      <input_file id="fl-44">
         <path>D:\Program Files\ccsv6\tools\compiler\ti-cgt-msp430_4.4.3\lib\</path>
         <kind>archive</kind>
         <file>rts430x_lc_rd_eabi.lib</file>
         <name>int08.obj</name>
      </input_file>
      <input_file id="fl-45">
         <path>D:\Program Files\ccsv6\tools\compiler\ti-cgt-msp430_4.4.3\lib\</path>
         <kind>archive</kind>
         <file>rts430x_lc_rd_eabi.lib</file>
         <name>int09.obj</name>
      </input_file>
      <input_file id="fl-46">
         <path>D:\Program Files\ccsv6\tools\compiler\ti-cgt-msp430_4.4.3\lib\</path>
         <kind>archive</kind>
         <file>rts430x_lc_rd_eabi.lib</file>
         <name>int10.obj</name>
      </input_file>
      <input_file id="fl-47">
         <path>D:\Program Files\ccsv6\tools\compiler\ti-cgt-msp430_4.4.3\lib\</path>
         <kind>archive</kind>
         <file>rts430x_lc_rd_eabi.lib</file>
         <name>int11.obj</name>
      </input_file>
      <input_file id="fl-48">
         <path>D:\Program Files\ccsv6\tools\compiler\ti-cgt-msp430_4.4.3\lib\</path>
         <kind>archive</kind>
         <file>rts430x_lc_rd_eabi.lib</file>
         <name>int12.obj</name>
      </input_file>
      <input_file id="fl-49">
         <path>D:\Program Files\ccsv6\tools\compiler\ti-cgt-msp430_4.4.3\lib\</path>
         <kind>archive</kind>
         <file>rts430x_lc_rd_eabi.lib</file>
         <name>int13.obj</name>
      </input_file>
      <input_file id="fl-4a">
         <path>D:\Program Files\ccsv6\tools\compiler\ti-cgt-msp430_4.4.3\lib\</path>
         <kind>archive</kind>
         <file>rts430x_lc_rd_eabi.lib</file>
         <name>int14.obj</name>
      </input_file>
      <input_file id="fl-4b">
         <path>D:\Program Files\ccsv6\tools\compiler\ti-cgt-msp430_4.4.3\lib\</path>
         <kind>archive</kind>
         <file>rts430x_lc_rd_eabi.lib</file>
         <name>int15.obj</name>
      </input_file>
      <input_file id="fl-4c">
         <path>D:\Program Files\ccsv6\tools\compiler\ti-cgt-msp430_4.4.3\lib\</path>
         <kind>archive</kind>
         <file>rts430x_lc_rd_eabi.lib</file>
         <name>int18.obj</name>
      </input_file>
      <input_file id="fl-4d">
         <path>D:\Program Files\ccsv6\tools\compiler\ti-cgt-msp430_4.4.3\lib\</path>
         <kind>archive</kind>
         <file>rts430x_lc_rd_eabi.lib</file>
         <name>int19.obj</name>
      </input_file>
      <input_file id="fl-4e">
         <path>D:\Program Files\ccsv6\tools\compiler\ti-cgt-msp430_4.4.3\lib\</path>
         <kind>archive</kind>
         <file>rts430x_lc_rd_eabi.lib</file>
         <name>int20.obj</name>
      </input_file>
      <input_file id="fl-4f">
         <path>D:\Program Files\ccsv6\tools\compiler\ti-cgt-msp430_4.4.3\lib\</path>
         <kind>archive</kind>
         <file>rts430x_lc_rd_eabi.lib</file>
         <name>int22.obj</name>
      </input_file>
      <input_file id="fl-50">
         <path>D:\Program Files\ccsv6\tools\compiler\ti-cgt-msp430_4.4.3\lib\</path>
         <kind>archive</kind>
         <file>rts430x_lc_rd_eabi.lib</file>
         <name>int23.obj</name>
      </input_file>
      <input_file id="fl-51">
         <path>D:\Program Files\ccsv6\tools\compiler\ti-cgt-msp430_4.4.3\lib\</path>
         <kind>archive</kind>
         <file>rts430x_lc_rd_eabi.lib</file>
         <name>int24.obj</name>
      </input_file>
      <input_file id="fl-52">
         <path>D:\Program Files\ccsv6\tools\compiler\ti-cgt-msp430_4.4.3\lib\</path>
         <kind>archive</kind>
         <file>rts430x_lc_rd_eabi.lib</file>
         <name>int25.obj</name>
      </input_file>
      <input_file id="fl-53">
         <path>D:\Program Files\ccsv6\tools\compiler\ti-cgt-msp430_4.4.3\lib\</path>
         <kind>archive</kind>
         <file>rts430x_lc_rd_eabi.lib</file>
         <name>int26.obj</name>
      </input_file>
      <input_file id="fl-54">
         <path>D:\Program Files\ccsv6\tools\compiler\ti-cgt-msp430_4.4.3\lib\</path>
         <kind>archive</kind>
         <file>rts430x_lc_rd_eabi.lib</file>
         <name>int27.obj</name>
      </input_file>
      <input_file id="fl-55">
         <path>D:\Program Files\ccsv6\tools\compiler\ti-cgt-msp430_4.4.3\lib\</path>
         <kind>archive</kind>
         <file>rts430x_lc_rd_eabi.lib</file>
         <name>int28.obj</name>
      </input_file>
      <input_file id="fl-56">
         <path>D:\Program Files\ccsv6\tools\compiler\ti-cgt-msp430_4.4.3\lib\</path>
         <kind>archive</kind>
         <file>rts430x_lc_rd_eabi.lib</file>
         <name>int29.obj</name>
      </input_file>
      <input_file id="fl-57">
         <path>D:\Program Files\ccsv6\tools\compiler\ti-cgt-msp430_4.4.3\lib\</path>
         <kind>archive</kind>
         <file>rts430x_lc_rd_eabi.lib</file>
         <name>int30.obj</name>
      </input_file>
      <input_file id="fl-58">
         <path>D:\Program Files\ccsv6\tools\compiler\ti-cgt-msp430_4.4.3\lib\</path>
         <kind>archive</kind>
         <file>rts430x_lc_rd_eabi.lib</file>
         <name>isr_trap.obj</name>
      </input_file>
      <input_file id="fl-59">
         <path>D:\Program Files\ccsv6\tools\compiler\ti-cgt-msp430_4.4.3\lib\</path>
         <kind>archive</kind>
         <file>rts430x_lc_rd_eabi.lib</file>
         <name>lsr16.obj</name>
      </input_file>
      <input_file id="fl-5a">
         <path>D:\Program Files\ccsv6\tools\compiler\ti-cgt-msp430_4.4.3\lib\</path>
         <kind>archive</kind>
         <file>rts430x_lc_rd_eabi.lib</file>
         <name>lsr32.obj</name>
      </input_file>
      <input_file id="fl-5b">
         <path>D:\Program Files\ccsv6\tools\compiler\ti-cgt-msp430_4.4.3\lib\</path>
         <kind>archive</kind>
         <file>rts430x_lc_rd_eabi.lib</file>
         <name>memcpy.obj</name>
      </input_file>
      <input_file id="fl-5c">
         <path>D:\Program Files\ccsv6\tools\compiler\ti-cgt-msp430_4.4.3\lib\</path>
         <kind>archive</kind>
         <file>rts430x_lc_rd_eabi.lib</file>
         <name>mpu_init.obj</name>
      </input_file>
      <input_file id="fl-5d">
         <path>D:\Program Files\ccsv6\tools\compiler\ti-cgt-msp430_4.4.3\lib\</path>
         <kind>archive</kind>
         <file>rts430x_lc_rd_eabi.lib</file>
         <name>mult16.obj</name>
      </input_file>
      <input_file id="fl-5e">
         <path>D:\Program Files\ccsv6\tools\compiler\ti-cgt-msp430_4.4.3\lib\</path>
         <kind>archive</kind>
         <file>rts430x_lc_rd_eabi.lib</file>
         <name>mult1632_hw.obj</name>
      </input_file>
      <input_file id="fl-5f">
         <path>D:\Program Files\ccsv6\tools\compiler\ti-cgt-msp430_4.4.3\lib\</path>
         <kind>archive</kind>
         <file>rts430x_lc_rd_eabi.lib</file>
         <name>mult16_hw.obj</name>
      </input_file>
      <input_file id="fl-60">
         <path>D:\Program Files\ccsv6\tools\compiler\ti-cgt-msp430_4.4.3\lib\</path>
         <kind>archive</kind>
         <file>rts430x_lc_rd_eabi.lib</file>
         <name>mult3264_hw.obj</name>
      </input_file>
      <input_file id="fl-61">
         <path>D:\Program Files\ccsv6\tools\compiler\ti-cgt-msp430_4.4.3\lib\</path>
         <kind>archive</kind>
         <file>rts430x_lc_rd_eabi.lib</file>
         <name>mult32_hw.obj</name>
      </input_file>
      <input_file id="fl-62">
         <path>D:\Program Files\ccsv6\tools\compiler\ti-cgt-msp430_4.4.3\lib\</path>
         <kind>archive</kind>
         <file>rts430x_lc_rd_eabi.lib</file>
         <name>mult64_hw.obj</name>
      </input_file>
      <input_file id="fl-63">
         <path>D:\Program Files\ccsv6\tools\compiler\ti-cgt-msp430_4.4.3\lib\</path>
         <kind>archive</kind>
         <file>rts430x_lc_rd_eabi.lib</file>
         <name>pre_init.obj</name>
      </input_file>
      <input_file id="fl-64">
         <path>D:\Program Files\ccsv6\tools\compiler\ti-cgt-msp430_4.4.3\lib\</path>
         <kind>archive</kind>
         <file>rts430x_lc_rd_eabi.lib</file>
         <name>_lock.obj</name>
      </input_file>
      <input_file id="fl-65">
         <path>D:\Program Files\ccsv6\tools\compiler\ti-cgt-msp430_4.4.3\lib\</path>
         <kind>archive</kind>
         <file>rts430x_lc_rd_eabi.lib</file>
         <name>args_main.obj</name>
      </input_file>
      <input_file id="fl-66">
         <path>D:\Program Files\ccsv6\tools\compiler\ti-cgt-msp430_4.4.3\lib\</path>
         <kind>archive</kind>
         <file>rts430x_lc_rd_eabi.lib</file>
         <name>autoinit_wdt.obj</name>
      </input_file>
   </input_file_list>
   <object_component_list>
      <object_component id="oc-164">
         <name>.common:FirstADCValMem</name>
         <uninitialized>true</uninitialized>
         <run_address>0x20a0</run_address>
         <size>0xfa0</size>
      </object_component>
      <object_component id="oc-163">
         <name>.common:FirstADCFlag</name>
         <uninitialized>true</uninitialized>
         <run_address>0x1100</run_address>
         <size>0xfa0</size>
      </object_component>
      <object_component id="oc-16c">
         <name>.common:i</name>
         <uninitialized>true</uninitialized>
         <run_address>0x304a</run_address>
         <size>0x2</size>
      </object_component>
      <object_component id="oc-154">
         <name>.common:rxb</name>
         <uninitialized>true</uninitialized>
         <run_address>0x3040</run_address>
         <size>0xa</size>
      </object_component>
      <object_component id="oc-c1">
         <name>.stack</name>
         <uninitialized>true</uninitialized>
         <run_address>0x30b0</run_address>
         <size>0x4</size>
         <input_file_ref idref="fl-36"/>
      </object_component>
      <object_component id="oc-278">
         <name>.stack</name>
         <uninitialized>true</uninitialized>
         <run_address>0x30b0</run_address>
         <size>0x0</size>
      </object_component>
      <object_component id="oc-103">
         <name>.text:_auto_init_hold_wdt</name>
         <load_address>0x10000</load_address>
         <run_address>0x10000</run_address>
         <size>0x6c</size>
         <input_file_ref idref="fl-66"/>
      </object_component>
      <object_component id="oc-1da">
         <name>.text:strtoint_n</name>
         <load_address>0x1006c</load_address>
         <run_address>0x1006c</run_address>
         <size>0x6a</size>
         <input_file_ref idref="fl-4"/>
      </object_component>
      <object_component id="oc-d2">
         <name>.text:__TI_decompress_rle_core</name>
         <load_address>0x100d6</load_address>
         <run_address>0x100d6</run_address>
         <size>0x68</size>
         <input_file_ref idref="fl-39"/>
      </object_component>
      <object_component id="oc-15d">
         <name>.text:foo</name>
         <load_address>0x1013e</load_address>
         <run_address>0x1013e</run_address>
         <size>0x68</size>
         <input_file_ref idref="fl-4"/>
      </object_component>
      <object_component id="oc-1e2">
         <name>.text:transmit_115200</name>
         <load_address>0x101a6</load_address>
         <run_address>0x101a6</run_address>
         <size>0x5c</size>
         <input_file_ref idref="fl-7"/>
      </object_component>
      <object_component id="oc-11d">
         <name>.text:main</name>
         <load_address>0x10202</load_address>
         <run_address>0x10202</run_address>
         <size>0x44</size>
         <input_file_ref idref="fl-4"/>
      </object_component>
      <object_component id="oc-1cb">
         <name>.text:uart_initi</name>
         <load_address>0x10246</load_address>
         <run_address>0x10246</run_address>
         <size>0x3a</size>
         <input_file_ref idref="fl-4"/>
      </object_component>
      <object_component id="oc-7f">
         <name>.text:decompress:ZI:__TI_zero_init</name>
         <load_address>0x10280</load_address>
         <run_address>0x10280</run_address>
         <size>0x24</size>
         <input_file_ref idref="fl-3a"/>
      </object_component>
      <object_component id="oc-157">
         <name>.text:strtoint</name>
         <load_address>0x102a4</load_address>
         <run_address>0x102a4</run_address>
         <size>0x18</size>
         <input_file_ref idref="fl-4"/>
      </object_component>
      <object_component id="oc-219">
         <name>.text</name>
         <load_address>0x102bc</load_address>
         <run_address>0x102bc</run_address>
         <size>0x16</size>
         <input_file_ref idref="fl-5f"/>
      </object_component>
      <object_component id="oc-1bf">
         <name>.text:adc12_init</name>
         <load_address>0x102d2</load_address>
         <run_address>0x102d2</run_address>
         <size>0x14</size>
         <input_file_ref idref="fl-4"/>
      </object_component>
      <object_component id="oc-1c5">
         <name>.text:dac12_init</name>
         <load_address>0x102e6</load_address>
         <run_address>0x102e6</run_address>
         <size>0x14</size>
         <input_file_ref idref="fl-4"/>
      </object_component>
      <object_component id="oc-c5">
         <name>.text:memcpy</name>
         <load_address>0x102fa</load_address>
         <run_address>0x102fa</run_address>
         <size>0x14</size>
         <input_file_ref idref="fl-5b"/>
      </object_component>
      <object_component id="oc-166">
         <name>.text:print_string</name>
         <load_address>0x1030e</load_address>
         <run_address>0x1030e</run_address>
         <size>0x14</size>
         <input_file_ref idref="fl-6"/>
      </object_component>
      <object_component id="oc-54">
         <name>.text:decompress:none:__TI_decompress_none</name>
         <load_address>0x10322</load_address>
         <run_address>0x10322</run_address>
         <size>0x12</size>
         <input_file_ref idref="fl-38"/>
      </object_component>
      <object_component id="oc-1b9">
         <name>.text:smclk_clock_init</name>
         <load_address>0x10334</load_address>
         <run_address>0x10334</run_address>
         <size>0x12</size>
         <input_file_ref idref="fl-4"/>
      </object_component>
      <object_component id="oc-178">
         <name>.text:new_line</name>
         <load_address>0x10346</load_address>
         <run_address>0x10346</run_address>
         <size>0xa</size>
         <input_file_ref idref="fl-6"/>
      </object_component>
      <object_component id="oc-16d">
         <name>.text</name>
         <load_address>0x10350</load_address>
         <run_address>0x10350</run_address>
         <size>0xa</size>
         <input_file_ref idref="fl-59"/>
      </object_component>
      <object_component id="oc-1a1">
         <name>.text:LED0_OFF</name>
         <load_address>0x1035a</load_address>
         <run_address>0x1035a</run_address>
         <size>0x8</size>
         <input_file_ref idref="fl-5"/>
      </object_component>
      <object_component id="oc-1b3">
         <name>.text:LED0_ON</name>
         <load_address>0x10362</load_address>
         <run_address>0x10362</run_address>
         <size>0x8</size>
         <input_file_ref idref="fl-5"/>
      </object_component>
      <object_component id="oc-1a7">
         <name>.text:LED1_OFF</name>
         <load_address>0x1036a</load_address>
         <run_address>0x1036a</run_address>
         <size>0x8</size>
         <input_file_ref idref="fl-5"/>
      </object_component>
      <object_component id="oc-14a">
         <name>.text:LED1_ON</name>
         <load_address>0x10372</load_address>
         <run_address>0x10372</run_address>
         <size>0x8</size>
         <input_file_ref idref="fl-5"/>
      </object_component>
      <object_component id="oc-1ad">
         <name>.text:LED2_OFF</name>
         <load_address>0x1037a</load_address>
         <run_address>0x1037a</run_address>
         <size>0x8</size>
         <input_file_ref idref="fl-5"/>
      </object_component>
      <object_component id="oc-19b">
         <name>.text:LED_INIT</name>
         <load_address>0x10382</load_address>
         <run_address>0x10382</run_address>
         <size>0x8</size>
         <input_file_ref idref="fl-5"/>
      </object_component>
      <object_component id="oc-5a">
         <name>.text:decompress:rle24:__TI_decompress_rle24</name>
         <load_address>0x1038a</load_address>
         <run_address>0x1038a</run_address>
         <size>0x6</size>
         <input_file_ref idref="fl-39"/>
      </object_component>
      <object_component id="oc-172">
         <name>.text:print_raw</name>
         <load_address>0x10390</load_address>
         <run_address>0x10390</run_address>
         <size>0x6</size>
         <input_file_ref idref="fl-6"/>
      </object_component>
      <object_component id="oc-fd">
         <name>.text:_system_pre_init</name>
         <load_address>0x10396</load_address>
         <run_address>0x10396</run_address>
         <size>0x4</size>
         <input_file_ref idref="fl-63"/>
      </object_component>
      <object_component id="oc-125">
         <name>.text:abort</name>
         <load_address>0x1039a</load_address>
         <run_address>0x1039a</run_address>
         <size>0x4</size>
         <input_file_ref idref="fl-3b"/>
      </object_component>
      <object_component id="oc-ea">
         <name>.text:_isr:USCI1RX_ISR</name>
         <load_address>0x3100</load_address>
         <run_address>0x3100</run_address>
         <size>0x168</size>
         <input_file_ref idref="fl-4"/>
      </object_component>
      <object_component id="oc-9d">
         <name>.text:_isr:_c_int00_noargs_noexit</name>
         <load_address>0x3268</load_address>
         <run_address>0x3268</run_address>
         <size>0x1a</size>
         <input_file_ref idref="fl-37"/>
      </object_component>
      <object_component id="oc-e4">
         <name>.text:_isr:USCI1TX_ISR</name>
         <load_address>0x3282</load_address>
         <run_address>0x3282</run_address>
         <size>0x10</size>
         <input_file_ref idref="fl-4"/>
      </object_component>
      <object_component id="oc-f0">
         <name>.text:_isr:ADC12_ISR</name>
         <load_address>0x3292</load_address>
         <run_address>0x3292</run_address>
         <size>0x8</size>
         <input_file_ref idref="fl-4"/>
      </object_component>
      <object_component id="oc-df">
         <name>.text:_isr:__TI_ISR_TRAP</name>
         <load_address>0x329a</load_address>
         <run_address>0x329a</run_address>
         <size>0x6</size>
         <input_file_ref idref="fl-58"/>
      </object_component>
      <object_component id="oc-277">
         <name>.cinit..data.load</name>
         <load_address>0x32a6</load_address>
         <run_address>0x32a6</run_address>
         <size>0xe</size>
      </object_component>
      <object_component id="oc-274">
         <name>__TI_handler_table</name>
         <load_address>0x32b4</load_address>
         <run_address>0x32b4</run_address>
         <size>0xc</size>
      </object_component>
      <object_component id="oc-276">
         <name>.cinit..bss.load</name>
         <load_address>0x32c0</load_address>
         <run_address>0x32c0</run_address>
         <size>0x6</size>
      </object_component>
      <object_component id="oc-275">
         <name>__TI_cinit_table</name>
         <load_address>0x32c6</load_address>
         <run_address>0x32c6</run_address>
         <size>0x10</size>
      </object_component>
      <object_component id="oc-165">
         <name>.const:.string</name>
         <load_address>0x32a0</load_address>
         <run_address>0x32a0</run_address>
         <size>0x6</size>
         <input_file_ref idref="fl-4"/>
      </object_component>
      <object_component id="oc-60">
         <name>.int00</name>
         <load_address>0xffc0</load_address>
         <run_address>0xffc0</run_address>
         <size>0x2</size>
         <input_file_ref idref="fl-3c"/>
      </object_component>
      <object_component id="oc-61">
         <name>.int01</name>
         <load_address>0xffc2</load_address>
         <run_address>0xffc2</run_address>
         <size>0x2</size>
         <input_file_ref idref="fl-3d"/>
      </object_component>
      <object_component id="oc-62">
         <name>.int02</name>
         <load_address>0xffc4</load_address>
         <run_address>0xffc4</run_address>
         <size>0x2</size>
         <input_file_ref idref="fl-3e"/>
      </object_component>
      <object_component id="oc-63">
         <name>.int03</name>
         <load_address>0xffc6</load_address>
         <run_address>0xffc6</run_address>
         <size>0x2</size>
         <input_file_ref idref="fl-3f"/>
      </object_component>
      <object_component id="oc-64">
         <name>.int04</name>
         <load_address>0xffc8</load_address>
         <run_address>0xffc8</run_address>
         <size>0x2</size>
         <input_file_ref idref="fl-40"/>
      </object_component>
      <object_component id="oc-65">
         <name>.int05</name>
         <load_address>0xffca</load_address>
         <run_address>0xffca</run_address>
         <size>0x2</size>
         <input_file_ref idref="fl-41"/>
      </object_component>
      <object_component id="oc-66">
         <name>.int06</name>
         <load_address>0xffcc</load_address>
         <run_address>0xffcc</run_address>
         <size>0x2</size>
         <input_file_ref idref="fl-42"/>
      </object_component>
      <object_component id="oc-67">
         <name>.int07</name>
         <load_address>0xffce</load_address>
         <run_address>0xffce</run_address>
         <size>0x2</size>
         <input_file_ref idref="fl-43"/>
      </object_component>
      <object_component id="oc-68">
         <name>.int08</name>
         <load_address>0xffd0</load_address>
         <run_address>0xffd0</run_address>
         <size>0x2</size>
         <input_file_ref idref="fl-44"/>
      </object_component>
      <object_component id="oc-69">
         <name>.int09</name>
         <load_address>0xffd2</load_address>
         <run_address>0xffd2</run_address>
         <size>0x2</size>
         <input_file_ref idref="fl-45"/>
      </object_component>
      <object_component id="oc-6a">
         <name>.int10</name>
         <load_address>0xffd4</load_address>
         <run_address>0xffd4</run_address>
         <size>0x2</size>
         <input_file_ref idref="fl-46"/>
      </object_component>
      <object_component id="oc-6b">
         <name>.int11</name>
         <load_address>0xffd6</load_address>
         <run_address>0xffd6</run_address>
         <size>0x2</size>
         <input_file_ref idref="fl-47"/>
      </object_component>
      <object_component id="oc-6c">
         <name>.int12</name>
         <load_address>0xffd8</load_address>
         <run_address>0xffd8</run_address>
         <size>0x2</size>
         <input_file_ref idref="fl-48"/>
      </object_component>
      <object_component id="oc-6d">
         <name>.int13</name>
         <load_address>0xffda</load_address>
         <run_address>0xffda</run_address>
         <size>0x2</size>
         <input_file_ref idref="fl-49"/>
      </object_component>
      <object_component id="oc-6e">
         <name>.int14</name>
         <load_address>0xffdc</load_address>
         <run_address>0xffdc</run_address>
         <size>0x2</size>
         <input_file_ref idref="fl-4a"/>
      </object_component>
      <object_component id="oc-6f">
         <name>.int15</name>
         <load_address>0xffde</load_address>
         <run_address>0xffde</run_address>
         <size>0x2</size>
         <input_file_ref idref="fl-4b"/>
      </object_component>
      <object_component id="oc-70">
         <name>.int16</name>
         <load_address>0xffe0</load_address>
         <run_address>0xffe0</run_address>
         <size>0x2</size>
         <input_file_ref idref="fl-4"/>
      </object_component>
      <object_component id="oc-71">
         <name>.int17</name>
         <load_address>0xffe2</load_address>
         <run_address>0xffe2</run_address>
         <size>0x2</size>
         <input_file_ref idref="fl-4"/>
      </object_component>
      <object_component id="oc-72">
         <name>.int18</name>
         <load_address>0xffe4</load_address>
         <run_address>0xffe4</run_address>
         <size>0x2</size>
         <input_file_ref idref="fl-4c"/>
      </object_component>
      <object_component id="oc-73">
         <name>.int19</name>
         <load_address>0xffe6</load_address>
         <run_address>0xffe6</run_address>
         <size>0x2</size>
         <input_file_ref idref="fl-4d"/>
      </object_component>
      <object_component id="oc-74">
         <name>.int20</name>
         <load_address>0xffe8</load_address>
         <run_address>0xffe8</run_address>
         <size>0x2</size>
         <input_file_ref idref="fl-4e"/>
      </object_component>
      <object_component id="oc-75">
         <name>.int21</name>
         <load_address>0xffea</load_address>
         <run_address>0xffea</run_address>
         <size>0x2</size>
         <input_file_ref idref="fl-4"/>
      </object_component>
      <object_component id="oc-76">
         <name>.int22</name>
         <load_address>0xffec</load_address>
         <run_address>0xffec</run_address>
         <size>0x2</size>
         <input_file_ref idref="fl-4f"/>
      </object_component>
      <object_component id="oc-77">
         <name>.int23</name>
         <load_address>0xffee</load_address>
         <run_address>0xffee</run_address>
         <size>0x2</size>
         <input_file_ref idref="fl-50"/>
      </object_component>
      <object_component id="oc-78">
         <name>.int24</name>
         <load_address>0xfff0</load_address>
         <run_address>0xfff0</run_address>
         <size>0x2</size>
         <input_file_ref idref="fl-51"/>
      </object_component>
      <object_component id="oc-79">
         <name>.int25</name>
         <load_address>0xfff2</load_address>
         <run_address>0xfff2</run_address>
         <size>0x2</size>
         <input_file_ref idref="fl-52"/>
      </object_component>
      <object_component id="oc-7a">
         <name>.int26</name>
         <load_address>0xfff4</load_address>
         <run_address>0xfff4</run_address>
         <size>0x2</size>
         <input_file_ref idref="fl-53"/>
      </object_component>
      <object_component id="oc-7b">
         <name>.int27</name>
         <load_address>0xfff6</load_address>
         <run_address>0xfff6</run_address>
         <size>0x2</size>
         <input_file_ref idref="fl-54"/>
      </object_component>
      <object_component id="oc-7c">
         <name>.int28</name>
         <load_address>0xfff8</load_address>
         <run_address>0xfff8</run_address>
         <size>0x2</size>
         <input_file_ref idref="fl-55"/>
      </object_component>
      <object_component id="oc-7d">
         <name>.int29</name>
         <load_address>0xfffa</load_address>
         <run_address>0xfffa</run_address>
         <size>0x2</size>
         <input_file_ref idref="fl-56"/>
      </object_component>
      <object_component id="oc-7e">
         <name>.int30</name>
         <load_address>0xfffc</load_address>
         <run_address>0xfffc</run_address>
         <size>0x2</size>
         <input_file_ref idref="fl-57"/>
      </object_component>
      <object_component id="oc-c4">
         <name>.reset</name>
         <load_address>0xfffe</load_address>
         <run_address>0xfffe</run_address>
         <size>0x2</size>
         <input_file_ref idref="fl-36"/>
      </object_component>
      <object_component id="oc-151">
         <name>.data</name>
         <load_address>0x304c</load_address>
         <run_address>0x304c</run_address>
         <size>0xa</size>
         <input_file_ref idref="fl-4"/>
      </object_component>
      <object_component id="oc-1ec">
         <name>.data:new_line_char</name>
         <load_address>0x3056</load_address>
         <run_address>0x3056</run_address>
         <size>0x3</size>
         <input_file_ref idref="fl-6"/>
      </object_component>
      <object_component id="oc-21f">
         <name>.data</name>
         <load_address>0x305a</load_address>
         <run_address>0x305a</run_address>
         <size>0x2</size>
         <input_file_ref idref="fl-7"/>
      </object_component>
      <object_component id="oc-133">
         <name>.debug_info</name>
         <load_address>0x0</load_address>
         <run_address>0x0</run_address>
         <size>0x84</size>
         <input_file_ref idref="fl-2"/>
      </object_component>
      <object_component id="oc-155">
         <name>.debug_info</name>
         <load_address>0x84</load_address>
         <run_address>0x84</run_address>
         <size>0x5b4</size>
         <input_file_ref idref="fl-4"/>
      </object_component>
      <object_component id="oc-152">
         <name>.debug_info</name>
         <load_address>0x638</load_address>
         <run_address>0x638</run_address>
         <size>0x125</size>
         <input_file_ref idref="fl-4"/>
      </object_component>
      <object_component id="oc-11e">
         <name>.debug_info</name>
         <load_address>0x75d</load_address>
         <run_address>0x75d</run_address>
         <size>0x174</size>
         <input_file_ref idref="fl-4"/>
      </object_component>
      <object_component id="oc-eb">
         <name>.debug_info</name>
         <load_address>0x8d1</load_address>
         <run_address>0x8d1</run_address>
         <size>0x1ad</size>
         <input_file_ref idref="fl-4"/>
      </object_component>
      <object_component id="oc-e5">
         <name>.debug_info</name>
         <load_address>0xa7e</load_address>
         <run_address>0xa7e</run_address>
         <size>0xff</size>
         <input_file_ref idref="fl-4"/>
      </object_component>
      <object_component id="oc-f1">
         <name>.debug_info</name>
         <load_address>0xb7d</load_address>
         <run_address>0xb7d</run_address>
         <size>0xed</size>
         <input_file_ref idref="fl-4"/>
      </object_component>
      <object_component id="oc-1ba">
         <name>.debug_info</name>
         <load_address>0xc6a</load_address>
         <run_address>0xc6a</run_address>
         <size>0xfa</size>
         <input_file_ref idref="fl-4"/>
      </object_component>
      <object_component id="oc-1c0">
         <name>.debug_info</name>
         <load_address>0xd64</load_address>
         <run_address>0xd64</run_address>
         <size>0xee</size>
         <input_file_ref idref="fl-4"/>
      </object_component>
      <object_component id="oc-1c6">
         <name>.debug_info</name>
         <load_address>0xe52</load_address>
         <run_address>0xe52</run_address>
         <size>0xee</size>
         <input_file_ref idref="fl-4"/>
      </object_component>
      <object_component id="oc-1cc">
         <name>.debug_info</name>
         <load_address>0xf40</load_address>
         <run_address>0xf40</run_address>
         <size>0xee</size>
         <input_file_ref idref="fl-4"/>
      </object_component>
      <object_component id="oc-15e">
         <name>.debug_info</name>
         <load_address>0x102e</load_address>
         <run_address>0x102e</run_address>
         <size>0x11a</size>
         <input_file_ref idref="fl-4"/>
      </object_component>
      <object_component id="oc-1db">
         <name>.debug_info</name>
         <load_address>0x1148</load_address>
         <run_address>0x1148</run_address>
         <size>0x1a0</size>
         <input_file_ref idref="fl-4"/>
      </object_component>
      <object_component id="oc-158">
         <name>.debug_info</name>
         <load_address>0x12e8</load_address>
         <run_address>0x12e8</run_address>
         <size>0x139</size>
         <input_file_ref idref="fl-4"/>
      </object_component>
      <object_component id="oc-19c">
         <name>.debug_info</name>
         <load_address>0x1421</load_address>
         <run_address>0x1421</run_address>
         <size>0xe4</size>
         <input_file_ref idref="fl-5"/>
      </object_component>
      <object_component id="oc-1b4">
         <name>.debug_info</name>
         <load_address>0x1505</load_address>
         <run_address>0x1505</run_address>
         <size>0xe2</size>
         <input_file_ref idref="fl-5"/>
      </object_component>
      <object_component id="oc-1a2">
         <name>.debug_info</name>
         <load_address>0x15e7</load_address>
         <run_address>0x15e7</run_address>
         <size>0xe4</size>
         <input_file_ref idref="fl-5"/>
      </object_component>
      <object_component id="oc-14b">
         <name>.debug_info</name>
         <load_address>0x16cb</load_address>
         <run_address>0x16cb</run_address>
         <size>0xe2</size>
         <input_file_ref idref="fl-5"/>
      </object_component>
      <object_component id="oc-1a8">
         <name>.debug_info</name>
         <load_address>0x17ad</load_address>
         <run_address>0x17ad</run_address>
         <size>0xe4</size>
         <input_file_ref idref="fl-5"/>
      </object_component>
      <object_component id="oc-1ae">
         <name>.debug_info</name>
         <load_address>0x1891</load_address>
         <run_address>0x1891</run_address>
         <size>0xe4</size>
         <input_file_ref idref="fl-5"/>
      </object_component>
      <object_component id="oc-1e9">
         <name>.debug_info</name>
         <load_address>0x1975</load_address>
         <run_address>0x1975</run_address>
         <size>0x21a</size>
         <input_file_ref idref="fl-6"/>
      </object_component>
      <object_component id="oc-1ed">
         <name>.debug_info</name>
         <load_address>0x1b8f</load_address>
         <run_address>0x1b8f</run_address>
         <size>0xcf</size>
         <input_file_ref idref="fl-6"/>
      </object_component>
      <object_component id="oc-167">
         <name>.debug_info</name>
         <load_address>0x1c5e</load_address>
         <run_address>0x1c5e</run_address>
         <size>0x147</size>
         <input_file_ref idref="fl-6"/>
      </object_component>
      <object_component id="oc-173">
         <name>.debug_info</name>
         <load_address>0x1da5</load_address>
         <run_address>0x1da5</run_address>
         <size>0x126</size>
         <input_file_ref idref="fl-6"/>
      </object_component>
      <object_component id="oc-179">
         <name>.debug_info</name>
         <load_address>0x1ecb</load_address>
         <run_address>0x1ecb</run_address>
         <size>0x112</size>
         <input_file_ref idref="fl-6"/>
      </object_component>
      <object_component id="oc-220">
         <name>.debug_info</name>
         <load_address>0x1fdd</load_address>
         <run_address>0x1fdd</run_address>
         <size>0xb5</size>
         <input_file_ref idref="fl-7"/>
      </object_component>
      <object_component id="oc-1e3">
         <name>.debug_info</name>
         <load_address>0x2092</load_address>
         <run_address>0x2092</run_address>
         <size>0x117</size>
         <input_file_ref idref="fl-7"/>
      </object_component>
      <object_component id="oc-c2">
         <name>.debug_info</name>
         <load_address>0x21a9</load_address>
         <run_address>0x21a9</run_address>
         <size>0xd8</size>
         <input_file_ref idref="fl-36"/>
      </object_component>
      <object_component id="oc-a0">
         <name>.debug_info</name>
         <load_address>0x2281</load_address>
         <run_address>0x2281</run_address>
         <size>0x179</size>
         <input_file_ref idref="fl-37"/>
      </object_component>
      <object_component id="oc-d1">
         <name>.debug_info</name>
         <load_address>0x23fa</load_address>
         <run_address>0x23fa</run_address>
         <size>0x1a9</size>
         <input_file_ref idref="fl-38"/>
      </object_component>
      <object_component id="oc-55">
         <name>.debug_info</name>
         <load_address>0x25a3</load_address>
         <run_address>0x25a3</run_address>
         <size>0x1ab</size>
         <input_file_ref idref="fl-38"/>
      </object_component>
      <object_component id="oc-cc">
         <name>.debug_info</name>
         <load_address>0x274e</load_address>
         <run_address>0x274e</run_address>
         <size>0x46</size>
         <input_file_ref idref="fl-38"/>
      </object_component>
      <object_component id="oc-141">
         <name>.debug_info</name>
         <load_address>0x2794</load_address>
         <run_address>0x2794</run_address>
         <size>0x2c</size>
         <input_file_ref idref="fl-38"/>
      </object_component>
      <object_component id="oc-d9">
         <name>.debug_info</name>
         <load_address>0x27c0</load_address>
         <run_address>0x27c0</run_address>
         <size>0x166</size>
         <input_file_ref idref="fl-39"/>
      </object_component>
      <object_component id="oc-d3">
         <name>.debug_info</name>
         <load_address>0x2926</load_address>
         <run_address>0x2926</run_address>
         <size>0x21d</size>
         <input_file_ref idref="fl-39"/>
      </object_component>
      <object_component id="oc-5b">
         <name>.debug_info</name>
         <load_address>0x2b43</load_address>
         <run_address>0x2b43</run_address>
         <size>0x194</size>
         <input_file_ref idref="fl-39"/>
      </object_component>
      <object_component id="oc-da">
         <name>.debug_info</name>
         <load_address>0x2cd7</load_address>
         <run_address>0x2cd7</run_address>
         <size>0x39</size>
         <input_file_ref idref="fl-39"/>
      </object_component>
      <object_component id="oc-fc">
         <name>.debug_info</name>
         <load_address>0x2d10</load_address>
         <run_address>0x2d10</run_address>
         <size>0x157</size>
         <input_file_ref idref="fl-3a"/>
      </object_component>
      <object_component id="oc-81">
         <name>.debug_info</name>
         <load_address>0x2e67</load_address>
         <run_address>0x2e67</run_address>
         <size>0x19d</size>
         <input_file_ref idref="fl-3a"/>
      </object_component>
      <object_component id="oc-f7">
         <name>.debug_info</name>
         <load_address>0x3004</load_address>
         <run_address>0x3004</run_address>
         <size>0x46</size>
         <input_file_ref idref="fl-3a"/>
      </object_component>
      <object_component id="oc-126">
         <name>.debug_info</name>
         <load_address>0x304a</load_address>
         <run_address>0x304a</run_address>
         <size>0xfa</size>
         <input_file_ref idref="fl-3b"/>
      </object_component>
      <object_component id="oc-e0">
         <name>.debug_info</name>
         <load_address>0x3144</load_address>
         <run_address>0x3144</run_address>
         <size>0xee</size>
         <input_file_ref idref="fl-58"/>
      </object_component>
      <object_component id="oc-16e">
         <name>.debug_info</name>
         <load_address>0x3232</load_address>
         <run_address>0x3232</run_address>
         <size>0xff</size>
         <input_file_ref idref="fl-59"/>
      </object_component>
      <object_component id="oc-139">
         <name>.debug_info</name>
         <load_address>0x3331</load_address>
         <run_address>0x3331</run_address>
         <size>0x15f</size>
         <input_file_ref idref="fl-5b"/>
      </object_component>
      <object_component id="oc-c6">
         <name>.debug_info</name>
         <load_address>0x3490</load_address>
         <run_address>0x3490</run_address>
         <size>0x174</size>
         <input_file_ref idref="fl-5b"/>
      </object_component>
      <object_component id="oc-13a">
         <name>.debug_info</name>
         <load_address>0x3604</load_address>
         <run_address>0x3604</run_address>
         <size>0x2c</size>
         <input_file_ref idref="fl-5b"/>
      </object_component>
      <object_component id="oc-21a">
         <name>.debug_info</name>
         <load_address>0x3630</load_address>
         <run_address>0x3630</run_address>
         <size>0x109</size>
         <input_file_ref idref="fl-5f"/>
      </object_component>
      <object_component id="oc-fe">
         <name>.debug_info</name>
         <load_address>0x3739</load_address>
         <run_address>0x3739</run_address>
         <size>0x12b</size>
         <input_file_ref idref="fl-63"/>
      </object_component>
      <object_component id="oc-184">
         <name>.debug_info</name>
         <load_address>0x3864</load_address>
         <run_address>0x3864</run_address>
         <size>0x306</size>
         <input_file_ref idref="fl-66"/>
      </object_component>
      <object_component id="oc-104">
         <name>.debug_info</name>
         <load_address>0x3b6a</load_address>
         <run_address>0x3b6a</run_address>
         <size>0x1da</size>
         <input_file_ref idref="fl-66"/>
      </object_component>
      <object_component id="oc-1f2">
         <name>.debug_info</name>
         <load_address>0x3d44</load_address>
         <run_address>0x3d44</run_address>
         <size>0x39</size>
         <input_file_ref idref="fl-66"/>
      </object_component>
      <object_component id="oc-185">
         <name>.debug_info</name>
         <load_address>0x3d7d</load_address>
         <run_address>0x3d7d</run_address>
         <size>0x2c</size>
         <input_file_ref idref="fl-66"/>
      </object_component>
      <object_component id="oc-27a">
         <name>.debug_info</name>
         <load_address>0x3da9</load_address>
         <run_address>0x3da9</run_address>
         <size>0x93</size>
      </object_component>
      <object_component id="oc-136">
         <name>.debug_line</name>
         <load_address>0x0</load_address>
         <run_address>0x0</run_address>
         <size>0x20</size>
         <input_file_ref idref="fl-2"/>
      </object_component>
      <object_component id="oc-1d9">
         <name>.debug_line</name>
         <load_address>0x20</load_address>
         <run_address>0x20</run_address>
         <size>0x17d</size>
         <input_file_ref idref="fl-4"/>
      </object_component>
      <object_component id="oc-1d7">
         <name>.debug_line</name>
         <load_address>0x19d</load_address>
         <run_address>0x19d</run_address>
         <size>0x2e</size>
         <input_file_ref idref="fl-4"/>
      </object_component>
      <object_component id="oc-121">
         <name>.debug_line</name>
         <load_address>0x1cb</load_address>
         <run_address>0x1cb</run_address>
         <size>0x50</size>
         <input_file_ref idref="fl-4"/>
      </object_component>
      <object_component id="oc-ee">
         <name>.debug_line</name>
         <load_address>0x21b</load_address>
         <run_address>0x21b</run_address>
         <size>0xac</size>
         <input_file_ref idref="fl-4"/>
      </object_component>
      <object_component id="oc-e8">
         <name>.debug_line</name>
         <load_address>0x2c7</load_address>
         <run_address>0x2c7</run_address>
         <size>0x45</size>
         <input_file_ref idref="fl-4"/>
      </object_component>
      <object_component id="oc-f4">
         <name>.debug_line</name>
         <load_address>0x30c</load_address>
         <run_address>0x30c</run_address>
         <size>0x44</size>
         <input_file_ref idref="fl-4"/>
      </object_component>
      <object_component id="oc-1bd">
         <name>.debug_line</name>
         <load_address>0x350</load_address>
         <run_address>0x350</run_address>
         <size>0x46</size>
         <input_file_ref idref="fl-4"/>
      </object_component>
      <object_component id="oc-1c3">
         <name>.debug_line</name>
         <load_address>0x396</load_address>
         <run_address>0x396</run_address>
         <size>0x46</size>
         <input_file_ref idref="fl-4"/>
      </object_component>
      <object_component id="oc-1c9">
         <name>.debug_line</name>
         <load_address>0x3dc</load_address>
         <run_address>0x3dc</run_address>
         <size>0x46</size>
         <input_file_ref idref="fl-4"/>
      </object_component>
      <object_component id="oc-1cf">
         <name>.debug_line</name>
         <load_address>0x422</load_address>
         <run_address>0x422</run_address>
         <size>0x4e</size>
         <input_file_ref idref="fl-4"/>
      </object_component>
      <object_component id="oc-161">
         <name>.debug_line</name>
         <load_address>0x470</load_address>
         <run_address>0x470</run_address>
         <size>0x65</size>
         <input_file_ref idref="fl-4"/>
      </object_component>
      <object_component id="oc-1de">
         <name>.debug_line</name>
         <load_address>0x4d5</load_address>
         <run_address>0x4d5</run_address>
         <size>0x6e</size>
         <input_file_ref idref="fl-4"/>
      </object_component>
      <object_component id="oc-15b">
         <name>.debug_line</name>
         <load_address>0x543</load_address>
         <run_address>0x543</run_address>
         <size>0x54</size>
         <input_file_ref idref="fl-4"/>
      </object_component>
      <object_component id="oc-19f">
         <name>.debug_line</name>
         <load_address>0x597</load_address>
         <run_address>0x597</run_address>
         <size>0x3f</size>
         <input_file_ref idref="fl-5"/>
      </object_component>
      <object_component id="oc-1b7">
         <name>.debug_line</name>
         <load_address>0x5d6</load_address>
         <run_address>0x5d6</run_address>
         <size>0x3f</size>
         <input_file_ref idref="fl-5"/>
      </object_component>
      <object_component id="oc-1a5">
         <name>.debug_line</name>
         <load_address>0x615</load_address>
         <run_address>0x615</run_address>
         <size>0x3f</size>
         <input_file_ref idref="fl-5"/>
      </object_component>
      <object_component id="oc-14e">
         <name>.debug_line</name>
         <load_address>0x654</load_address>
         <run_address>0x654</run_address>
         <size>0x3f</size>
         <input_file_ref idref="fl-5"/>
      </object_component>
      <object_component id="oc-1ab">
         <name>.debug_line</name>
         <load_address>0x693</load_address>
         <run_address>0x693</run_address>
         <size>0x3f</size>
         <input_file_ref idref="fl-5"/>
      </object_component>
      <object_component id="oc-1b1">
         <name>.debug_line</name>
         <load_address>0x6d2</load_address>
         <run_address>0x6d2</run_address>
         <size>0x3f</size>
         <input_file_ref idref="fl-5"/>
      </object_component>
      <object_component id="oc-224">
         <name>.debug_line</name>
         <load_address>0x711</load_address>
         <run_address>0x711</run_address>
         <size>0x7b</size>
         <input_file_ref idref="fl-6"/>
      </object_component>
      <object_component id="oc-226">
         <name>.debug_line</name>
         <load_address>0x78c</load_address>
         <run_address>0x78c</run_address>
         <size>0x7b</size>
         <input_file_ref idref="fl-6"/>
      </object_component>
      <object_component id="oc-16a">
         <name>.debug_line</name>
         <load_address>0x807</load_address>
         <run_address>0x807</run_address>
         <size>0x4b</size>
         <input_file_ref idref="fl-6"/>
      </object_component>
      <object_component id="oc-176">
         <name>.debug_line</name>
         <load_address>0x852</load_address>
         <run_address>0x852</run_address>
         <size>0x4b</size>
         <input_file_ref idref="fl-6"/>
      </object_component>
      <object_component id="oc-17c">
         <name>.debug_line</name>
         <load_address>0x89d</load_address>
         <run_address>0x89d</run_address>
         <size>0x4b</size>
         <input_file_ref idref="fl-6"/>
      </object_component>
      <object_component id="oc-22e">
         <name>.debug_line</name>
         <load_address>0x8e8</load_address>
         <run_address>0x8e8</run_address>
         <size>0x2d</size>
         <input_file_ref idref="fl-7"/>
      </object_component>
      <object_component id="oc-1e6">
         <name>.debug_line</name>
         <load_address>0x915</load_address>
         <run_address>0x915</run_address>
         <size>0x63</size>
         <input_file_ref idref="fl-7"/>
      </object_component>
      <object_component id="oc-132">
         <name>.debug_line</name>
         <load_address>0x978</load_address>
         <run_address>0x978</run_address>
         <size>0x2a</size>
         <input_file_ref idref="fl-36"/>
      </object_component>
      <object_component id="oc-9e">
         <name>.debug_line</name>
         <load_address>0x9a2</load_address>
         <run_address>0x9a2</run_address>
         <size>0x4c</size>
         <input_file_ref idref="fl-37"/>
      </object_component>
      <object_component id="oc-140">
         <name>.debug_line</name>
         <load_address>0x9ee</load_address>
         <run_address>0x9ee</run_address>
         <size>0x72</size>
         <input_file_ref idref="fl-38"/>
      </object_component>
      <object_component id="oc-58">
         <name>.debug_line</name>
         <load_address>0xa60</load_address>
         <run_address>0xa60</run_address>
         <size>0x50</size>
         <input_file_ref idref="fl-38"/>
      </object_component>
      <object_component id="oc-cf">
         <name>.debug_line</name>
         <load_address>0xab0</load_address>
         <run_address>0xab0</run_address>
         <size>0x3a</size>
         <input_file_ref idref="fl-38"/>
      </object_component>
      <object_component id="oc-144">
         <name>.debug_line</name>
         <load_address>0xaea</load_address>
         <run_address>0xaea</run_address>
         <size>0x72</size>
         <input_file_ref idref="fl-38"/>
      </object_component>
      <object_component id="oc-148">
         <name>.debug_line</name>
         <load_address>0xb5c</load_address>
         <run_address>0xb5c</run_address>
         <size>0x20</size>
         <input_file_ref idref="fl-39"/>
      </object_component>
      <object_component id="oc-d6">
         <name>.debug_line</name>
         <load_address>0xb7c</load_address>
         <run_address>0xb7c</run_address>
         <size>0x8b</size>
         <input_file_ref idref="fl-39"/>
      </object_component>
      <object_component id="oc-5e">
         <name>.debug_line</name>
         <load_address>0xc07</load_address>
         <run_address>0xc07</run_address>
         <size>0x49</size>
         <input_file_ref idref="fl-39"/>
      </object_component>
      <object_component id="oc-dd">
         <name>.debug_line</name>
         <load_address>0xc50</load_address>
         <run_address>0xc50</run_address>
         <size>0x39</size>
         <input_file_ref idref="fl-39"/>
      </object_component>
      <object_component id="oc-181">
         <name>.debug_line</name>
         <load_address>0xc89</load_address>
         <run_address>0xc89</run_address>
         <size>0x20</size>
         <input_file_ref idref="fl-3a"/>
      </object_component>
      <object_component id="oc-84">
         <name>.debug_line</name>
         <load_address>0xca9</load_address>
         <run_address>0xca9</run_address>
         <size>0x4d</size>
         <input_file_ref idref="fl-3a"/>
      </object_component>
      <object_component id="oc-fa">
         <name>.debug_line</name>
         <load_address>0xcf6</load_address>
         <run_address>0xcf6</run_address>
         <size>0x34</size>
         <input_file_ref idref="fl-3a"/>
      </object_component>
      <object_component id="oc-129">
         <name>.debug_line</name>
         <load_address>0xd2a</load_address>
         <run_address>0xd2a</run_address>
         <size>0x3a</size>
         <input_file_ref idref="fl-3b"/>
      </object_component>
      <object_component id="oc-e3">
         <name>.debug_line</name>
         <load_address>0xd64</load_address>
         <run_address>0xd64</run_address>
         <size>0x3c</size>
         <input_file_ref idref="fl-58"/>
      </object_component>
      <object_component id="oc-171">
         <name>.debug_line</name>
         <load_address>0xda0</load_address>
         <run_address>0xda0</run_address>
         <size>0x3b</size>
         <input_file_ref idref="fl-59"/>
      </object_component>
      <object_component id="oc-1d4">
         <name>.debug_line</name>
         <load_address>0xddb</load_address>
         <run_address>0xddb</run_address>
         <size>0x20</size>
         <input_file_ref idref="fl-5b"/>
      </object_component>
      <object_component id="oc-c9">
         <name>.debug_line</name>
         <load_address>0xdfb</load_address>
         <run_address>0xdfb</run_address>
         <size>0x45</size>
         <input_file_ref idref="fl-5b"/>
      </object_component>
      <object_component id="oc-13d">
         <name>.debug_line</name>
         <load_address>0xe40</load_address>
         <run_address>0xe40</run_address>
         <size>0x72</size>
         <input_file_ref idref="fl-5b"/>
      </object_component>
      <object_component id="oc-21d">
         <name>.debug_line</name>
         <load_address>0xeb2</load_address>
         <run_address>0xeb2</run_address>
         <size>0x43</size>
         <input_file_ref idref="fl-5f"/>
      </object_component>
      <object_component id="oc-101">
         <name>.debug_line</name>
         <load_address>0xef5</load_address>
         <run_address>0xef5</run_address>
         <size>0x3e</size>
         <input_file_ref idref="fl-63"/>
      </object_component>
      <object_component id="oc-1f1">
         <name>.debug_line</name>
         <load_address>0xf33</load_address>
         <run_address>0xf33</run_address>
         <size>0x40</size>
         <input_file_ref idref="fl-66"/>
      </object_component>
      <object_component id="oc-107">
         <name>.debug_line</name>
         <load_address>0xf73</load_address>
         <run_address>0xf73</run_address>
         <size>0x94</size>
         <input_file_ref idref="fl-66"/>
      </object_component>
      <object_component id="oc-1f5">
         <name>.debug_line</name>
         <load_address>0x1007</load_address>
         <run_address>0x1007</run_address>
         <size>0x2e</size>
         <input_file_ref idref="fl-66"/>
      </object_component>
      <object_component id="oc-188">
         <name>.debug_line</name>
         <load_address>0x1035</load_address>
         <run_address>0x1035</run_address>
         <size>0x72</size>
         <input_file_ref idref="fl-66"/>
      </object_component>
      <object_component id="oc-135">
         <name>.debug_abbrev</name>
         <load_address>0x0</load_address>
         <run_address>0x0</run_address>
         <size>0x1f</size>
         <input_file_ref idref="fl-2"/>
      </object_component>
      <object_component id="oc-1d8">
         <name>.debug_abbrev</name>
         <load_address>0x1f</load_address>
         <run_address>0x1f</run_address>
         <size>0x132</size>
         <input_file_ref idref="fl-4"/>
      </object_component>
      <object_component id="oc-1d6">
         <name>.debug_abbrev</name>
         <load_address>0x151</load_address>
         <run_address>0x151</run_address>
         <size>0x3d</size>
         <input_file_ref idref="fl-4"/>
      </object_component>
      <object_component id="oc-1d1">
         <name>.debug_abbrev</name>
         <load_address>0x18e</load_address>
         <run_address>0x18e</run_address>
         <size>0x54</size>
         <input_file_ref idref="fl-4"/>
      </object_component>
      <object_component id="oc-17e">
         <name>.debug_abbrev</name>
         <load_address>0x1e2</load_address>
         <run_address>0x1e2</run_address>
         <size>0x61</size>
         <input_file_ref idref="fl-4"/>
      </object_component>
      <object_component id="oc-150">
         <name>.debug_abbrev</name>
         <load_address>0x243</load_address>
         <run_address>0x243</run_address>
         <size>0x61</size>
         <input_file_ref idref="fl-4"/>
      </object_component>
      <object_component id="oc-17f">
         <name>.debug_abbrev</name>
         <load_address>0x2a4</load_address>
         <run_address>0x2a4</run_address>
         <size>0x53</size>
         <input_file_ref idref="fl-4"/>
      </object_component>
      <object_component id="oc-215">
         <name>.debug_abbrev</name>
         <load_address>0x2f7</load_address>
         <run_address>0x2f7</run_address>
         <size>0x50</size>
         <input_file_ref idref="fl-4"/>
      </object_component>
      <object_component id="oc-216">
         <name>.debug_abbrev</name>
         <load_address>0x347</load_address>
         <run_address>0x347</run_address>
         <size>0x50</size>
         <input_file_ref idref="fl-4"/>
      </object_component>
      <object_component id="oc-217">
         <name>.debug_abbrev</name>
         <load_address>0x397</load_address>
         <run_address>0x397</run_address>
         <size>0x50</size>
         <input_file_ref idref="fl-4"/>
      </object_component>
      <object_component id="oc-218">
         <name>.debug_abbrev</name>
         <load_address>0x3e7</load_address>
         <run_address>0x3e7</run_address>
         <size>0x50</size>
         <input_file_ref idref="fl-4"/>
      </object_component>
      <object_component id="oc-1e1">
         <name>.debug_abbrev</name>
         <load_address>0x437</load_address>
         <run_address>0x437</run_address>
         <size>0x6e</size>
         <input_file_ref idref="fl-4"/>
      </object_component>
      <object_component id="oc-21e">
         <name>.debug_abbrev</name>
         <load_address>0x4a5</load_address>
         <run_address>0x4a5</run_address>
         <size>0x7c</size>
         <input_file_ref idref="fl-4"/>
      </object_component>
      <object_component id="oc-1e0">
         <name>.debug_abbrev</name>
         <load_address>0x521</load_address>
         <run_address>0x521</run_address>
         <size>0x7c</size>
         <input_file_ref idref="fl-4"/>
      </object_component>
      <object_component id="oc-210">
         <name>.debug_abbrev</name>
         <load_address>0x59d</load_address>
         <run_address>0x59d</run_address>
         <size>0x50</size>
         <input_file_ref idref="fl-5"/>
      </object_component>
      <object_component id="oc-214">
         <name>.debug_abbrev</name>
         <load_address>0x5ed</load_address>
         <run_address>0x5ed</run_address>
         <size>0x50</size>
         <input_file_ref idref="fl-5"/>
      </object_component>
      <object_component id="oc-211">
         <name>.debug_abbrev</name>
         <load_address>0x63d</load_address>
         <run_address>0x63d</run_address>
         <size>0x50</size>
         <input_file_ref idref="fl-5"/>
      </object_component>
      <object_component id="oc-1d5">
         <name>.debug_abbrev</name>
         <load_address>0x68d</load_address>
         <run_address>0x68d</run_address>
         <size>0x50</size>
         <input_file_ref idref="fl-5"/>
      </object_component>
      <object_component id="oc-212">
         <name>.debug_abbrev</name>
         <load_address>0x6dd</load_address>
         <run_address>0x6dd</run_address>
         <size>0x50</size>
         <input_file_ref idref="fl-5"/>
      </object_component>
      <object_component id="oc-213">
         <name>.debug_abbrev</name>
         <load_address>0x72d</load_address>
         <run_address>0x72d</run_address>
         <size>0x50</size>
         <input_file_ref idref="fl-5"/>
      </object_component>
      <object_component id="oc-223">
         <name>.debug_abbrev</name>
         <load_address>0x77d</load_address>
         <run_address>0x77d</run_address>
         <size>0x89</size>
         <input_file_ref idref="fl-6"/>
      </object_component>
      <object_component id="oc-225">
         <name>.debug_abbrev</name>
         <load_address>0x806</load_address>
         <run_address>0x806</run_address>
         <size>0x29</size>
         <input_file_ref idref="fl-6"/>
      </object_component>
      <object_component id="oc-1e8">
         <name>.debug_abbrev</name>
         <load_address>0x82f</load_address>
         <run_address>0x82f</run_address>
         <size>0x7a</size>
         <input_file_ref idref="fl-6"/>
      </object_component>
      <object_component id="oc-1eb">
         <name>.debug_abbrev</name>
         <load_address>0x8a9</load_address>
         <run_address>0x8a9</run_address>
         <size>0x6c</size>
         <input_file_ref idref="fl-6"/>
      </object_component>
      <object_component id="oc-1ef">
         <name>.debug_abbrev</name>
         <load_address>0x915</load_address>
         <run_address>0x915</run_address>
         <size>0x5e</size>
         <input_file_ref idref="fl-6"/>
      </object_component>
      <object_component id="oc-22d">
         <name>.debug_abbrev</name>
         <load_address>0x973</load_address>
         <run_address>0x973</run_address>
         <size>0x29</size>
         <input_file_ref idref="fl-7"/>
      </object_component>
      <object_component id="oc-222">
         <name>.debug_abbrev</name>
         <load_address>0x99c</load_address>
         <run_address>0x99c</run_address>
         <size>0x6c</size>
         <input_file_ref idref="fl-7"/>
      </object_component>
      <object_component id="oc-131">
         <name>.debug_abbrev</name>
         <load_address>0xa08</load_address>
         <run_address>0xa08</run_address>
         <size>0x29</size>
         <input_file_ref idref="fl-36"/>
      </object_component>
      <object_component id="oc-12b">
         <name>.debug_abbrev</name>
         <load_address>0xa31</load_address>
         <run_address>0xa31</run_address>
         <size>0x58</size>
         <input_file_ref idref="fl-37"/>
      </object_component>
      <object_component id="oc-13f">
         <name>.debug_abbrev</name>
         <load_address>0xa89</load_address>
         <run_address>0xa89</run_address>
         <size>0x66</size>
         <input_file_ref idref="fl-38"/>
      </object_component>
      <object_component id="oc-cb">
         <name>.debug_abbrev</name>
         <load_address>0xaef</load_address>
         <run_address>0xaef</run_address>
         <size>0x74</size>
         <input_file_ref idref="fl-38"/>
      </object_component>
      <object_component id="oc-ce">
         <name>.debug_abbrev</name>
         <load_address>0xb63</load_address>
         <run_address>0xb63</run_address>
         <size>0x24</size>
         <input_file_ref idref="fl-38"/>
      </object_component>
      <object_component id="oc-143">
         <name>.debug_abbrev</name>
         <load_address>0xb87</load_address>
         <run_address>0xb87</run_address>
         <size>0x24</size>
         <input_file_ref idref="fl-38"/>
      </object_component>
      <object_component id="oc-147">
         <name>.debug_abbrev</name>
         <load_address>0xbab</load_address>
         <run_address>0xbab</run_address>
         <size>0x40</size>
         <input_file_ref idref="fl-39"/>
      </object_component>
      <object_component id="oc-146">
         <name>.debug_abbrev</name>
         <load_address>0xbeb</load_address>
         <run_address>0xbeb</run_address>
         <size>0x6d</size>
         <input_file_ref idref="fl-39"/>
      </object_component>
      <object_component id="oc-d8">
         <name>.debug_abbrev</name>
         <load_address>0xc58</load_address>
         <run_address>0xc58</run_address>
         <size>0x66</size>
         <input_file_ref idref="fl-39"/>
      </object_component>
      <object_component id="oc-dc">
         <name>.debug_abbrev</name>
         <load_address>0xcbe</load_address>
         <run_address>0xcbe</run_address>
         <size>0x24</size>
         <input_file_ref idref="fl-39"/>
      </object_component>
      <object_component id="oc-180">
         <name>.debug_abbrev</name>
         <load_address>0xce2</load_address>
         <run_address>0xce2</run_address>
         <size>0x40</size>
         <input_file_ref idref="fl-3a"/>
      </object_component>
      <object_component id="oc-f6">
         <name>.debug_abbrev</name>
         <load_address>0xd22</load_address>
         <run_address>0xd22</run_address>
         <size>0x6f</size>
         <input_file_ref idref="fl-3a"/>
      </object_component>
      <object_component id="oc-f9">
         <name>.debug_abbrev</name>
         <load_address>0xd91</load_address>
         <run_address>0xd91</run_address>
         <size>0x24</size>
         <input_file_ref idref="fl-3a"/>
      </object_component>
      <object_component id="oc-1d2">
         <name>.debug_abbrev</name>
         <load_address>0xdb5</load_address>
         <run_address>0xdb5</run_address>
         <size>0x45</size>
         <input_file_ref idref="fl-3b"/>
      </object_component>
      <object_component id="oc-149">
         <name>.debug_abbrev</name>
         <load_address>0xdfa</load_address>
         <run_address>0xdfa</run_address>
         <size>0x28</size>
         <input_file_ref idref="fl-58"/>
      </object_component>
      <object_component id="oc-1ea">
         <name>.debug_abbrev</name>
         <load_address>0xe22</load_address>
         <run_address>0xe22</run_address>
         <size>0x3c</size>
         <input_file_ref idref="fl-59"/>
      </object_component>
      <object_component id="oc-1d3">
         <name>.debug_abbrev</name>
         <load_address>0xe5e</load_address>
         <run_address>0xe5e</run_address>
         <size>0x49</size>
         <input_file_ref idref="fl-5b"/>
      </object_component>
      <object_component id="oc-138">
         <name>.debug_abbrev</name>
         <load_address>0xea7</load_address>
         <run_address>0xea7</run_address>
         <size>0x71</size>
         <input_file_ref idref="fl-5b"/>
      </object_component>
      <object_component id="oc-13c">
         <name>.debug_abbrev</name>
         <load_address>0xf18</load_address>
         <run_address>0xf18</run_address>
         <size>0x24</size>
         <input_file_ref idref="fl-5b"/>
      </object_component>
      <object_component id="oc-22c">
         <name>.debug_abbrev</name>
         <load_address>0xf3c</load_address>
         <run_address>0xf3c</run_address>
         <size>0x3c</size>
         <input_file_ref idref="fl-5f"/>
      </object_component>
      <object_component id="oc-182">
         <name>.debug_abbrev</name>
         <load_address>0xf78</load_address>
         <run_address>0xf78</run_address>
         <size>0x55</size>
         <input_file_ref idref="fl-63"/>
      </object_component>
      <object_component id="oc-1f0">
         <name>.debug_abbrev</name>
         <load_address>0xfcd</load_address>
         <run_address>0xfcd</run_address>
         <size>0x8d</size>
         <input_file_ref idref="fl-66"/>
      </object_component>
      <object_component id="oc-183">
         <name>.debug_abbrev</name>
         <load_address>0x105a</load_address>
         <run_address>0x105a</run_address>
         <size>0x70</size>
         <input_file_ref idref="fl-66"/>
      </object_component>
      <object_component id="oc-1f4">
         <name>.debug_abbrev</name>
         <load_address>0x10ca</load_address>
         <run_address>0x10ca</run_address>
         <size>0x24</size>
         <input_file_ref idref="fl-66"/>
      </object_component>
      <object_component id="oc-187">
         <name>.debug_abbrev</name>
         <load_address>0x10ee</load_address>
         <run_address>0x10ee</run_address>
         <size>0x24</size>
         <input_file_ref idref="fl-66"/>
      </object_component>
      <object_component id="oc-27b">
         <name>.debug_abbrev</name>
         <load_address>0x1112</load_address>
         <run_address>0x1112</run_address>
         <size>0xf</size>
      </object_component>
      <object_component id="oc-137">
         <name>.debug_str</name>
         <load_address>0x0</load_address>
         <run_address>0x0</run_address>
         <size>0xf5</size>
         <input_file_ref idref="fl-2"/>
      </object_component>
      <object_component id="oc-d0">
         <name>.debug_str</name>
         <load_address>0xf5</load_address>
         <run_address>0xf5</run_address>
         <size>0xe3</size>
         <input_file_ref idref="fl-38"/>
      </object_component>
      <object_component id="oc-145">
         <name>.debug_str</name>
         <load_address>0x1d8</load_address>
         <run_address>0x1d8</run_address>
         <size>0xf8</size>
         <input_file_ref idref="fl-38"/>
      </object_component>
      <object_component id="oc-de">
         <name>.debug_str</name>
         <load_address>0x2d0</load_address>
         <run_address>0x2d0</run_address>
         <size>0xd5</size>
         <input_file_ref idref="fl-39"/>
      </object_component>
      <object_component id="oc-fb">
         <name>.debug_str</name>
         <load_address>0x3a5</load_address>
         <run_address>0x3a5</run_address>
         <size>0xdd</size>
         <input_file_ref idref="fl-3a"/>
      </object_component>
      <object_component id="oc-13e">
         <name>.debug_str</name>
         <load_address>0x482</load_address>
         <run_address>0x482</run_address>
         <size>0xf8</size>
         <input_file_ref idref="fl-5b"/>
      </object_component>
      <object_component id="oc-1f6">
         <name>.debug_str</name>
         <load_address>0x57a</load_address>
         <run_address>0x57a</run_address>
         <size>0xc5</size>
         <input_file_ref idref="fl-66"/>
      </object_component>
      <object_component id="oc-189">
         <name>.debug_str</name>
         <load_address>0x63f</load_address>
         <run_address>0x63f</run_address>
         <size>0xfa</size>
         <input_file_ref idref="fl-66"/>
      </object_component>
      <object_component id="oc-134">
         <name>.debug_pubtypes</name>
         <load_address>0x0</load_address>
         <run_address>0x0</run_address>
         <size>0xed</size>
         <input_file_ref idref="fl-2"/>
      </object_component>
      <object_component id="oc-cd">
         <name>.debug_pubtypes</name>
         <load_address>0xed</load_address>
         <run_address>0xed</run_address>
         <size>0x48</size>
         <input_file_ref idref="fl-38"/>
      </object_component>
      <object_component id="oc-142">
         <name>.debug_pubtypes</name>
         <load_address>0x135</load_address>
         <run_address>0x135</run_address>
         <size>0x1d</size>
         <input_file_ref idref="fl-38"/>
      </object_component>
      <object_component id="oc-db">
         <name>.debug_pubtypes</name>
         <load_address>0x152</load_address>
         <run_address>0x152</run_address>
         <size>0x37</size>
         <input_file_ref idref="fl-39"/>
      </object_component>
      <object_component id="oc-f8">
         <name>.debug_pubtypes</name>
         <load_address>0x189</load_address>
         <run_address>0x189</run_address>
         <size>0x48</size>
         <input_file_ref idref="fl-3a"/>
      </object_component>
      <object_component id="oc-13b">
         <name>.debug_pubtypes</name>
         <load_address>0x1d1</load_address>
         <run_address>0x1d1</run_address>
         <size>0x1d</size>
         <input_file_ref idref="fl-5b"/>
      </object_component>
      <object_component id="oc-1f3">
         <name>.debug_pubtypes</name>
         <load_address>0x1ee</load_address>
         <run_address>0x1ee</run_address>
         <size>0x32</size>
         <input_file_ref idref="fl-66"/>
      </object_component>
      <object_component id="oc-186">
         <name>.debug_pubtypes</name>
         <load_address>0x220</load_address>
         <run_address>0x220</run_address>
         <size>0x1f</size>
         <input_file_ref idref="fl-66"/>
      </object_component>
      <object_component id="oc-122">
         <name>.debug_frame</name>
         <load_address>0x0</load_address>
         <run_address>0x0</run_address>
         <size>0x47</size>
         <input_file_ref idref="fl-4"/>
      </object_component>
      <object_component id="oc-ef">
         <name>.debug_frame</name>
         <load_address>0x47</load_address>
         <run_address>0x47</run_address>
         <size>0x5d</size>
         <input_file_ref idref="fl-4"/>
      </object_component>
      <object_component id="oc-e9">
         <name>.debug_frame</name>
         <load_address>0xa4</load_address>
         <run_address>0xa4</run_address>
         <size>0x5c</size>
         <input_file_ref idref="fl-4"/>
      </object_component>
      <object_component id="oc-f5">
         <name>.debug_frame</name>
         <load_address>0x100</load_address>
         <run_address>0x100</run_address>
         <size>0x47</size>
         <input_file_ref idref="fl-4"/>
      </object_component>
      <object_component id="oc-1be">
         <name>.debug_frame</name>
         <load_address>0x147</load_address>
         <run_address>0x147</run_address>
         <size>0x47</size>
         <input_file_ref idref="fl-4"/>
      </object_component>
      <object_component id="oc-1c4">
         <name>.debug_frame</name>
         <load_address>0x18e</load_address>
         <run_address>0x18e</run_address>
         <size>0x47</size>
         <input_file_ref idref="fl-4"/>
      </object_component>
      <object_component id="oc-1ca">
         <name>.debug_frame</name>
         <load_address>0x1d5</load_address>
         <run_address>0x1d5</run_address>
         <size>0x47</size>
         <input_file_ref idref="fl-4"/>
      </object_component>
      <object_component id="oc-1d0">
         <name>.debug_frame</name>
         <load_address>0x21c</load_address>
         <run_address>0x21c</run_address>
         <size>0x47</size>
         <input_file_ref idref="fl-4"/>
      </object_component>
      <object_component id="oc-162">
         <name>.debug_frame</name>
         <load_address>0x263</load_address>
         <run_address>0x263</run_address>
         <size>0x47</size>
         <input_file_ref idref="fl-4"/>
      </object_component>
      <object_component id="oc-1df">
         <name>.debug_frame</name>
         <load_address>0x2aa</load_address>
         <run_address>0x2aa</run_address>
         <size>0x56</size>
         <input_file_ref idref="fl-4"/>
      </object_component>
      <object_component id="oc-15c">
         <name>.debug_frame</name>
         <load_address>0x300</load_address>
         <run_address>0x300</run_address>
         <size>0x47</size>
         <input_file_ref idref="fl-4"/>
      </object_component>
      <object_component id="oc-1a0">
         <name>.debug_frame</name>
         <load_address>0x347</load_address>
         <run_address>0x347</run_address>
         <size>0x47</size>
         <input_file_ref idref="fl-5"/>
      </object_component>
      <object_component id="oc-1b8">
         <name>.debug_frame</name>
         <load_address>0x38e</load_address>
         <run_address>0x38e</run_address>
         <size>0x47</size>
         <input_file_ref idref="fl-5"/>
[...]
      </symbol>
      <symbol id="sm-94">
         <name>TACCR2</name>
         <value>0x176</value>
      </symbol>
      <symbol id="sm-95">
         <name>TBIV</name>
         <value>0x11e</value>
      </symbol>
      <symbol id="sm-96">
         <name>TBCTL</name>
         <value>0x180</value>
      </symbol>
      <symbol id="sm-97">
         <name>TBCCTL0</name>
         <value>0x182</value>
      </symbol>
      <symbol id="sm-98">
         <name>TBCCTL1</name>
         <value>0x184</value>
      </symbol>
      <symbol id="sm-99">
         <name>TBCCTL2</name>
         <value>0x186</value>
      </symbol>
      <symbol id="sm-9a">
         <name>TBCCTL3</name>
         <value>0x188</value>
      </symbol>
      <symbol id="sm-9b">
         <name>TBCCTL4</name>
         <value>0x18a</value>
      </symbol>
      <symbol id="sm-9c">
         <name>TBCCTL5</name>
         <value>0x18c</value>
      </symbol>
      <symbol id="sm-9d">
         <name>TBCCTL6</name>
         <value>0x18e</value>
      </symbol>
      <symbol id="sm-9e">
         <name>TBR</name>
         <value>0x190</value>
      </symbol>
      <symbol id="sm-9f">
         <name>TBCCR0</name>
         <value>0x192</value>
      </symbol>
      <symbol id="sm-a0">
         <name>TBCCR1</name>
         <value>0x194</value>
      </symbol>
      <symbol id="sm-a1">
         <name>TBCCR2</name>
         <value>0x196</value>
      </symbol>
      <symbol id="sm-a2">
         <name>TBCCR3</name>
         <value>0x198</value>
      </symbol>
      <symbol id="sm-a3">
         <name>TBCCR4</name>
         <value>0x19a</value>
      </symbol>
      <symbol id="sm-a4">
         <name>TBCCR5</name>
         <value>0x19c</value>
      </symbol>
      <symbol id="sm-a5">
         <name>TBCCR6</name>
         <value>0x19e</value>
      </symbol>
      <symbol id="sm-a6">
         <name>UCA0CTL0</name>
         <value>0x60</value>
      </symbol>
      <symbol id="sm-a7">
         <name>UCA0CTL1</name>
         <value>0x61</value>
      </symbol>
      <symbol id="sm-a8">
         <name>UCA0BR0</name>
         <value>0x62</value>
      </symbol>
      <symbol id="sm-a9">
         <name>UCA0BR1</name>
         <value>0x63</value>
      </symbol>
      <symbol id="sm-aa">
         <name>UCA0MCTL</name>
         <value>0x64</value>
      </symbol>
      <symbol id="sm-ab">
         <name>UCA0STAT</name>
         <value>0x65</value>
      </symbol>
      <symbol id="sm-ac">
         <name>UCA0RXBUF</name>
         <value>0x66</value>
      </symbol>
      <symbol id="sm-ad">
         <name>UCA0TXBUF</name>
         <value>0x67</value>
      </symbol>
      <symbol id="sm-ae">
         <name>UCA0ABCTL</name>
         <value>0x5d</value>
      </symbol>
      <symbol id="sm-af">
         <name>UCA0IRTCTL</name>
         <value>0x5e</value>
      </symbol>
      <symbol id="sm-b0">
         <name>UCA0IRRCTL</name>
         <value>0x5f</value>
      </symbol>
      <symbol id="sm-b1">
         <name>UCB0CTL0</name>
         <value>0x68</value>
      </symbol>
      <symbol id="sm-b2">
         <name>UCB0CTL1</name>
         <value>0x69</value>
      </symbol>
      <symbol id="sm-b3">
         <name>UCB0BR0</name>
         <value>0x6a</value>
      </symbol>
      <symbol id="sm-b4">
         <name>UCB0BR1</name>
         <value>0x6b</value>
      </symbol>
      <symbol id="sm-b5">
         <name>UCB0I2CIE</name>
         <value>0x6c</value>
      </symbol>
      <symbol id="sm-b6">
         <name>UCB0STAT</name>
         <value>0x6d</value>
      </symbol>
      <symbol id="sm-b7">
         <name>UCB0RXBUF</name>
         <value>0x6e</value>
      </symbol>
      <symbol id="sm-b8">
         <name>UCB0TXBUF</name>
         <value>0x6f</value>
      </symbol>
      <symbol id="sm-b9">
         <name>UCB0I2COA</name>
         <value>0x118</value>
      </symbol>
      <symbol id="sm-ba">
         <name>UCB0I2CSA</name>
         <value>0x11a</value>
      </symbol>
      <symbol id="sm-bb">
         <name>UCA1CTL0</name>
         <value>0xd0</value>
      </symbol>
      <symbol id="sm-bc">
         <name>UCA1CTL1</name>
         <value>0xd1</value>
      </symbol>
      <symbol id="sm-bd">
         <name>UCA1BR0</name>
         <value>0xd2</value>
      </symbol>
      <symbol id="sm-be">
         <name>UCA1BR1</name>
         <value>0xd3</value>
      </symbol>
      <symbol id="sm-bf">
         <name>UCA1MCTL</name>
         <value>0xd4</value>
      </symbol>
      <symbol id="sm-c0">
         <name>UCA1STAT</name>
         <value>0xd5</value>
      </symbol>
      <symbol id="sm-c1">
         <name>UCA1RXBUF</name>
         <value>0xd6</value>
      </symbol>
      <symbol id="sm-c2">
         <name>UCA1TXBUF</name>
         <value>0xd7</value>
      </symbol>
      <symbol id="sm-c3">
         <name>UCA1ABCTL</name>
         <value>0xcd</value>
      </symbol>
      <symbol id="sm-c4">
         <name>UCA1IRTCTL</name>
         <value>0xce</value>
      </symbol>
      <symbol id="sm-c5">
         <name>UCA1IRRCTL</name>
         <value>0xcf</value>
      </symbol>
      <symbol id="sm-c6">
         <name>UCB1CTL0</name>
         <value>0xd8</value>
      </symbol>
      <symbol id="sm-c7">
         <name>UCB1CTL1</name>
         <value>0xd9</value>
      </symbol>
      <symbol id="sm-c8">
         <name>UCB1BR0</name>
         <value>0xda</value>
      </symbol>
      <symbol id="sm-c9">
         <name>UCB1BR1</name>
         <value>0xdb</value>
      </symbol>
      <symbol id="sm-ca">
         <name>UCB1I2CIE</name>
         <value>0xdc</value>
      </symbol>
      <symbol id="sm-cb">
         <name>UCB1STAT</name>
         <value>0xdd</value>
      </symbol>
      <symbol id="sm-cc">
         <name>UCB1RXBUF</name>
         <value>0xde</value>
      </symbol>
      <symbol id="sm-cd">
         <name>UCB1TXBUF</name>
         <value>0xdf</value>
      </symbol>
      <symbol id="sm-ce">
         <name>UCB1I2COA</name>
         <value>0x17c</value>
      </symbol>
      <symbol id="sm-cf">
         <name>UCB1I2CSA</name>
         <value>0x17e</value>
      </symbol>
      <symbol id="sm-d0">
         <name>WDTCTL</name>
         <value>0x120</value>
      </symbol>
      <symbol id="sm-d1">
         <name>TLV_CHECKSUM</name>
         <value>0x10c0</value>
      </symbol>
      <symbol id="sm-d2">
         <name>TLV_DCO_30_TAG</name>
         <value>0x10f6</value>
      </symbol>
      <symbol id="sm-d3">
         <name>TLV_DCO_30_LEN</name>
         <value>0x10f7</value>
      </symbol>
      <symbol id="sm-d4">
         <name>TLV_ADC12_1_TAG</name>
         <value>0x10da</value>
      </symbol>
      <symbol id="sm-d5">
         <name>TLV_ADC12_1_LEN</name>
         <value>0x10db</value>
      </symbol>
      <symbol id="sm-d6">
         <name>CALDCO_16MHZ</name>
         <value>0x10f8</value>
      </symbol>
      <symbol id="sm-d7">
         <name>CALBC1_16MHZ</name>
         <value>0x10f9</value>
      </symbol>
      <symbol id="sm-d8">
         <name>CALDCO_12MHZ</name>
         <value>0x10fa</value>
      </symbol>
      <symbol id="sm-d9">
         <name>CALBC1_12MHZ</name>
         <value>0x10fb</value>
      </symbol>
      <symbol id="sm-da">
         <name>CALDCO_8MHZ</name>
         <value>0x10fc</value>
      </symbol>
      <symbol id="sm-db">
         <name>CALBC1_8MHZ</name>
         <value>0x10fd</value>
      </symbol>
      <symbol id="sm-dc">
         <name>CALDCO_1MHZ</name>
         <value>0x10fe</value>
      </symbol>
      <symbol id="sm-dd">
         <name>CALBC1_1MHZ</name>
         <value>0x10ff</value>
      </symbol>
      <symbol id="sm-de">
         <name>__TI_CINIT_Base</name>
         <value>0x32c6</value>
      </symbol>
      <symbol id="sm-df">
         <name>__TI_CINIT_Limit</name>
         <value>0x32d6</value>
      </symbol>
      <symbol id="sm-e0">
         <name>__TI_Handler_Table_Base</name>
         <value>0x32b4</value>
      </symbol>
      <symbol id="sm-e1">
         <name>__TI_Handler_Table_Limit</name>
         <value>0x32c0</value>
      </symbol>
      <symbol id="sm-e2">
         <name>binit</name>
         <value>0xffffffff</value>
      </symbol>
      <symbol id="sm-e3">
         <name>__binit__</name>
         <value>0xffffffff</value>
      </symbol>
      <symbol id="sm-e4">
         <name>__STACK_SIZE</name>
         <value>0x50</value>
      </symbol>
      <symbol id="sm-e5">
         <name>__STACK_END</name>
         <value>0x3100</value>
      </symbol>
      <symbol id="sm-e6">
         <name>__c_args__</name>
         <value>0xffffffff</value>
      </symbol>
      <symbol id="sm-1ac">
         <name>i</name>
         <value>0x304a</value>
      </symbol>
      <symbol id="sm-1ad">
         <name>rxb</name>
         <value>0x3040</value>
      </symbol>
      <symbol id="sm-1ae">
         <name>uart_initi</name>
         <value>0x10246</value>
         <object_component_ref idref="oc-1cb"/>
      </symbol>
      <symbol id="sm-1af">
         <name>smclk_clock_init</name>
         <value>0x10334</value>
         <object_component_ref idref="oc-1b9"/>
      </symbol>
      <symbol id="sm-1b0">
         <name>__TI_int21</name>
         <value>0xffea</value>
         <object_component_ref idref="oc-75"/>
      </symbol>
      <symbol id="sm-1b1">
         <name>dac12_init</name>
         <value>0x102e6</value>
         <object_component_ref idref="oc-1c5"/>
      </symbol>
      <symbol id="sm-1b2">
         <name>__TI_int16</name>
         <value>0xffe0</value>
         <object_component_ref idref="oc-70"/>
      </symbol>
      <symbol id="sm-1b3">
         <name>__TI_int17</name>
         <value>0xffe2</value>
         <object_component_ref idref="oc-71"/>
      </symbol>
      <symbol id="sm-1b4">
         <name>USCI1RX_ISR</name>
         <value>0x3100</value>
         <object_component_ref idref="oc-ea"/>
      </symbol>
      <symbol id="sm-1b5">
         <name>USCI1TX_ISR</name>
         <value>0x3282</value>
         <object_component_ref idref="oc-e4"/>
      </symbol>
      <symbol id="sm-1b6">
         <name>ADC12_ISR</name>
         <value>0x3292</value>
         <object_component_ref idref="oc-f0"/>
      </symbol>
      <symbol id="sm-1b7">
         <name>k</name>
         <value>0x3052</value>
         <object_component_ref idref="oc-151"/>
      </symbol>
      <symbol id="sm-1b8">
         <name>j</name>
         <value>0x3050</value>
         <object_component_ref idref="oc-151"/>
      </symbol>
      <symbol id="sm-1b9">
         <name>foo</name>
         <value>0x1013e</value>
         <object_component_ref idref="oc-15d"/>
      </symbol>
      <symbol id="sm-1ba">
         <name>main</name>
         <value>0x10202</value>
         <object_component_ref idref="oc-11d"/>
      </symbol>
      <symbol id="sm-1bb">
         <name>strtoint_n</name>
         <value>0x1006c</value>
         <object_component_ref idref="oc-1da"/>
      </symbol>
      <symbol id="sm-1bc">
         <name>adc12_init</name>
         <value>0x102d2</value>
         <object_component_ref idref="oc-1bf"/>
      </symbol>
      <symbol id="sm-1bd">
         <name>strtoint</name>
         <value>0x102a4</value>
         <object_component_ref idref="oc-157"/>
      </symbol>
      <symbol id="sm-1e9">
         <name>LED0_ON</name>
         <value>0x10362</value>
         <object_component_ref idref="oc-1b3"/>
      </symbol>
      <symbol id="sm-1ea">
         <name>LED0_OFF</name>
         <value>0x1035a</value>
         <object_component_ref idref="oc-1a1"/>
      </symbol>
      <symbol id="sm-1eb">
         <name>LED1_OFF</name>
         <value>0x1036a</value>
         <object_component_ref idref="oc-1a7"/>
      </symbol>
      <symbol id="sm-1ec">
         <name>LED2_OFF</name>
         <value>0x1037a</value>
         <object_component_ref idref="oc-1ad"/>
      </symbol>
      <symbol id="sm-1ed">
         <name>LED1_ON</name>
         <value>0x10372</value>
         <object_component_ref idref="oc-14a"/>
      </symbol>
      <symbol id="sm-1ee">
         <name>LED_INIT</name>
         <value>0x10382</value>
         <object_component_ref idref="oc-19b"/>
      </symbol>
      <symbol id="sm-20e">
         <name>print_raw</name>
         <value>0x10390</value>
         <object_component_ref idref="oc-172"/>
      </symbol>
      <symbol id="sm-20f">
         <name>new_line_char</name>
         <value>0x3056</value>
         <object_component_ref idref="oc-1ec"/>
      </symbol>
      <symbol id="sm-210">
         <name>print_string</name>
         <value>0x1030e</value>
         <object_component_ref idref="oc-166"/>
      </symbol>
      <symbol id="sm-211">
         <name>new_line</name>
         <value>0x10346</value>
         <object_component_ref idref="oc-178"/>
      </symbol>
      <symbol id="sm-220">
         <name>transmit_115200</name>
         <value>0x101a6</value>
         <object_component_ref idref="oc-1e2"/>
      </symbol>
      <symbol id="sm-221">
         <name>flag</name>
         <value>0x305a</value>
         <object_component_ref idref="oc-21f"/>
      </symbol>
      <symbol id="sm-22a">
         <name>_stack</name>
         <value>0x30b0</value>
         <object_component_ref idref="oc-c1"/>
      </symbol>
      <symbol id="sm-22b">
         <name>_reset_vector</name>
         <value>0xfffe</value>
         <object_component_ref idref="oc-c4"/>
      </symbol>
      <symbol id="sm-236">
         <name>_c_int00_noargs_noexit</name>
         <value>0x3268</value>
         <object_component_ref idref="oc-9d"/>
      </symbol>
      <symbol id="sm-24c">
         <name>__TI_decompress_none</name>
         <value>0x10322</value>
         <object_component_ref idref="oc-54"/>
      </symbol>
      <symbol id="sm-26e">
         <name>__TI_decompress_rle24</name>
         <value>0x1038a</value>
         <object_component_ref idref="oc-5a"/>
      </symbol>
      <symbol id="sm-281">
         <name>__TI_zero_init</name>
         <value>0x10280</value>
         <object_component_ref idref="oc-7f"/>
      </symbol>
      <symbol id="sm-28c">
         <name>C$$EXIT</name>
         <value>0x1039a</value>
         <object_component_ref idref="oc-125"/>
      </symbol>
      <symbol id="sm-28d">
         <name>abort</name>
         <value>0x1039a</value>
         <object_component_ref idref="oc-125"/>
      </symbol>
      <symbol id="sm-290">
         <name>__TI_int00</name>
         <value>0xffc0</value>
         <object_component_ref idref="oc-60"/>
      </symbol>
      <symbol id="sm-293">
         <name>__TI_int01</name>
         <value>0xffc2</value>
         <object_component_ref idref="oc-61"/>
      </symbol>
      <symbol id="sm-296">
         <name>__TI_int02</name>
         <value>0xffc4</value>
         <object_component_ref idref="oc-62"/>
      </symbol>
      <symbol id="sm-299">
         <name>__TI_int03</name>
         <value>0xffc6</value>
         <object_component_ref idref="oc-63"/>
      </symbol>
      <symbol id="sm-29c">
         <name>__TI_int04</name>
         <value>0xffc8</value>
         <object_component_ref idref="oc-64"/>
      </symbol>
      <symbol id="sm-29f">
         <name>__TI_int05</name>
         <value>0xffca</value>
         <object_component_ref idref="oc-65"/>
      </symbol>
      <symbol id="sm-2a2">
         <name>__TI_int06</name>
         <value>0xffcc</value>
         <object_component_ref idref="oc-66"/>
      </symbol>
      <symbol id="sm-2a5">
         <name>__TI_int07</name>
         <value>0xffce</value>
         <object_component_ref idref="oc-67"/>
      </symbol>
      <symbol id="sm-2a8">
         <name>__TI_int08</name>
         <value>0xffd0</value>
         <object_component_ref idref="oc-68"/>
      </symbol>
      <symbol id="sm-2ab">
         <name>__TI_int09</name>
         <value>0xffd2</value>
         <object_component_ref idref="oc-69"/>
      </symbol>
      <symbol id="sm-2ae">
         <name>__TI_int10</name>
         <value>0xffd4</value>
         <object_component_ref idref="oc-6a"/>
      </symbol>
      <symbol id="sm-2b1">
         <name>__TI_int11</name>
         <value>0xffd6</value>
         <object_component_ref idref="oc-6b"/>
      </symbol>
      <symbol id="sm-2b4">
         <name>__TI_int12</name>
         <value>0xffd8</value>
         <object_component_ref idref="oc-6c"/>
      </symbol>
      <symbol id="sm-2b7">
         <name>__TI_int13</name>
         <value>0xffda</value>
         <object_component_ref idref="oc-6d"/>
      </symbol>
      <symbol id="sm-2ba">
         <name>__TI_int14</name>
         <value>0xffdc</value>
         <object_component_ref idref="oc-6e"/>
      </symbol>
      <symbol id="sm-2bd">
         <name>__TI_int15</name>
         <value>0xffde</value>
         <object_component_ref idref="oc-6f"/>
      </symbol>
      <symbol id="sm-2c0">
         <name>__TI_int18</name>
         <value>0xffe4</value>
         <object_component_ref idref="oc-72"/>
      </symbol>
      <symbol id="sm-2c3">
         <name>__TI_int19</name>
         <value>0xffe6</value>
         <object_component_ref idref="oc-73"/>
      </symbol>
      <symbol id="sm-2c6">
         <name>__TI_int20</name>
         <value>0xffe8</value>
         <object_component_ref idref="oc-74"/>
      </symbol>
      <symbol id="sm-2c9">
         <name>__TI_int22</name>
         <value>0xffec</value>
         <object_component_ref idref="oc-76"/>
      </symbol>
      <symbol id="sm-2cc">
         <name>__TI_int23</name>
         <value>0xffee</value>
         <object_component_ref idref="oc-77"/>
      </symbol>
      <symbol id="sm-2cf">
         <name>__TI_int24</name>
         <value>0xfff0</value>
         <object_component_ref idref="oc-78"/>
      </symbol>
      <symbol id="sm-2d2">
         <name>__TI_int25</name>
         <value>0xfff2</value>
         <object_component_ref idref="oc-79"/>
      </symbol>
      <symbol id="sm-2d5">
         <name>__TI_int26</name>
         <value>0xfff4</value>
         <object_component_ref idref="oc-7a"/>
      </symbol>
      <symbol id="sm-2d8">
         <name>__TI_int27</name>
         <value>0xfff6</value>
         <object_component_ref idref="oc-7b"/>
      </symbol>
      <symbol id="sm-2db">
         <name>__TI_int28</name>
         <value>0xfff8</value>
         <object_component_ref idref="oc-7c"/>
      </symbol>
      <symbol id="sm-2de">
         <name>__TI_int29</name>
         <value>0xfffa</value>
         <object_component_ref idref="oc-7d"/>
      </symbol>
      <symbol id="sm-2e1">
         <name>__TI_int30</name>
         <value>0xfffc</value>
         <object_component_ref idref="oc-7e"/>
      </symbol>
      <symbol id="sm-2e9">
         <name>__TI_ISR_TRAP</name>
         <value>0x329a</value>
         <object_component_ref idref="oc-df"/>
      </symbol>
      <symbol id="sm-2f2">
         <name>__mspabi_srli</name>
         <value>0x10350</value>
         <object_component_ref idref="oc-16d"/>
      </symbol>
      <symbol id="sm-306">
         <name>memcpy</name>
         <value>0x102fa</value>
         <object_component_ref idref="oc-c5"/>
      </symbol>
      <symbol id="sm-31d">
         <name>__mspabi_mpyi_hw</name>
         <value>0x102bc</value>
         <object_component_ref idref="oc-219"/>
      </symbol>
      <symbol id="sm-340">
         <name>_system_pre_init</name>
         <value>0x10396</value>
         <object_component_ref idref="oc-fd"/>
      </symbol>
      <symbol id="sm-35f">
         <name>_auto_init_hold_wdt</name>
         <value>0x10000</value>
         <object_component_ref idref="oc-103"/>
      </symbol>
      <symbol id="sm-361">
         <name>__TI_INITARRAY_Base</name>
         <value>0x0</value>
      </symbol>
      <symbol id="sm-362">
         <name>__TI_INITARRAY_Limit</name>
         <value>0x0</value>
      </symbol>
   </symbol_table>
   <title>Link successful</title>
</link_info>
